app/src/main/res/values-bn/strings.xml:322:    <string name="connection_validation_server_url_not_set">Server URL is not set</string>
app/src/main/res/values-bn/strings.xml:323:    <string name="track_validation_metadata_required">Track metadata is required</string>
app/src/main/res/values-bn/strings.xml:324:    <string name="track_validation_item_id_required">Track item id is required</string>
app/src/main/res/values/strings.xml:327:    <string name="connection_validation_server_url_not_set">Server URL is not set</string>
app/src/main/res/values/strings.xml:328:    <string name="track_validation_metadata_required">Track metadata is required</string>
app/src/main/res/values/strings.xml:329:    <string name="track_validation_item_id_required">Track item id is required</string>
app/src/main/res/values-pt/strings.xml:323:    <string name="connection_validation_server_url_not_set">Server URL is not set</string>
app/src/main/res/values-pt/strings.xml:324:    <string name="track_validation_metadata_required">Track metadata is required</string>
app/src/main/res/values-pt/strings.xml:325:    <string name="track_validation_item_id_required">Track item id is required</string>
app/src/main/res/values-zh-rCN/strings.xml:321:    <string name="connection_validation_server_url_not_set">Server URL is not set</string>
app/src/main/res/values-zh-rCN/strings.xml:322:    <string name="track_validation_metadata_required">Track metadata is required</string>
app/src/main/res/values-zh-rCN/strings.xml:323:    <string name="track_validation_item_id_required">Track item id is required</string>
app/src/main/res/values-sv/strings.xml:322:    <string name="connection_validation_server_url_not_set">Server URL is not set</string>
app/src/main/res/values-sv/strings.xml:323:    <string name="track_validation_metadata_required">Track metadata is required</string>
app/src/main/res/values-sv/strings.xml:324:    <string name="track_validation_item_id_required">Track item id is required</string>
app/src/main/res/values-it/strings.xml:323:    <string name="connection_validation_server_url_not_set">Server URL is not set</string>
app/src/main/res/values-it/strings.xml:324:    <string name="track_validation_metadata_required">Track metadata is required</string>
app/src/main/res/values-it/strings.xml:325:    <string name="track_validation_item_id_required">Track item id is required</string>
app/src/main/res/values-nb/strings.xml:322:    <string name="connection_validation_server_url_not_set">Server URL is not set</string>
app/src/main/res/values-nb/strings.xml:323:    <string name="track_validation_metadata_required">Track metadata is required</string>
app/src/main/res/values-nb/strings.xml:324:    <string name="track_validation_item_id_required">Track item id is required</string>
app/src/main/res/values-fr/strings.xml:323:    <string name="connection_validation_server_url_not_set">Server URL is not set</string>
app/src/main/res/values-fr/strings.xml:324:    <string name="track_validation_metadata_required">Track metadata is required</string>
app/src/main/res/values-fr/strings.xml:325:    <string name="track_validation_item_id_required">Track item id is required</string>
app/src/main/res/values-fi/strings.xml:322:    <string name="connection_validation_server_url_not_set">Server URL is not set</string>
app/src/main/res/values-fi/strings.xml:323:    <string name="track_validation_metadata_required">Track metadata is required</string>
app/src/main/res/values-fi/strings.xml:324:    <string name="track_validation_item_id_required">Track item id is required</string>
app/src/main/res/values-fa/strings.xml:322:    <string name="connection_validation_server_url_not_set">Server URL is not set</string>
app/src/main/res/values-fa/strings.xml:323:    <string name="track_validation_metadata_required">Track metadata is required</string>
app/src/main/res/values-fa/strings.xml:324:    <string name="track_validation_item_id_required">Track item id is required</string>
app/src/main/res/values-es/strings.xml:323:    <string name="connection_validation_server_url_not_set">Server URL is not set</string>
app/src/main/res/values-es/strings.xml:324:    <string name="track_validation_metadata_required">Track metadata is required</string>
app/src/main/res/values-es/strings.xml:325:    <string name="track_validation_item_id_required">Track item id is required</string>
app/src/main/res/values-de/strings.xml:322:    <string name="connection_validation_server_url_not_set">Server URL is not set</string>
app/src/main/res/values-de/strings.xml:323:    <string name="track_validation_metadata_required">Track metadata is required</string>
app/src/main/res/values-de/strings.xml:324:    <string name="track_validation_item_id_required">Track item id is required</string>
app/src/main/res/values-hi/strings.xml:322:    <string name="connection_validation_server_url_not_set">Server URL is not set</string>
app/src/main/res/values-hi/strings.xml:323:    <string name="track_validation_metadata_required">Track metadata is required</string>
app/src/main/res/values-hi/strings.xml:324:    <string name="track_validation_item_id_required">Track item id is required</string>
