app/src/main/res/values-bn/strings.xml:347:    <string name="connection_validation_server_error_with_code">Server error (%1$d)</string>
app/src/main/res/values-bn/strings.xml:348:    <string name="recommendation_section_default_title">Recommendations</string>
app/src/main/res/values-bn/strings.xml:349:    <string name="recommendation_fallback_title">Recommendation</string>
app/src/main/res/values-bn/strings.xml:350:    <string name="recommendation_fallback_unknown_album_title">Unknown Album</string>
app/src/main/res/values-bn/strings.xml:351:    <string name="recommendation_fallback_untitled_playlist_title">Untitled Playlist</string>
app/src/main/res/values-bn/strings.xml:352:    <string name="recommendation_fallback_unknown_artist_title">Unknown Artist</string>
app/src/main/res/values-bn/strings.xml:353:    <string name="recommendation_fallback_unknown_track_title">Unknown Track</string>
app/src/main/res/values/strings.xml:154:    <string name="recommendation_section_default_title">Recommendations</string>
app/src/main/res/values/strings.xml:155:    <string name="recommendation_fallback_title">Recommendation</string>
app/src/main/res/values/strings.xml:156:    <string name="recommendation_fallback_unknown_album_title">Unknown Album</string>
app/src/main/res/values/strings.xml:157:    <string name="recommendation_fallback_untitled_playlist_title">Untitled Playlist</string>
app/src/main/res/values/strings.xml:158:    <string name="recommendation_fallback_unknown_artist_title">Unknown Artist</string>
app/src/main/res/values/strings.xml:159:    <string name="recommendation_fallback_unknown_track_title">Unknown Track</string>
app/src/main/res/values/strings.xml:358:    <string name="connection_validation_server_error_with_code">Server error (%1$d)</string>
app/src/main/res/values-zh-rCN/strings.xml:346:    <string name="connection_validation_server_error_with_code">Server error (%1$d)</string>
app/src/main/res/values-zh-rCN/strings.xml:347:    <string name="recommendation_section_default_title">Recommendations</string>
app/src/main/res/values-zh-rCN/strings.xml:348:    <string name="recommendation_fallback_title">Recommendation</string>
app/src/main/res/values-zh-rCN/strings.xml:349:    <string name="recommendation_fallback_unknown_album_title">Unknown Album</string>
app/src/main/res/values-zh-rCN/strings.xml:350:    <string name="recommendation_fallback_untitled_playlist_title">Untitled Playlist</string>
app/src/main/res/values-zh-rCN/strings.xml:351:    <string name="recommendation_fallback_unknown_artist_title">Unknown Artist</string>
app/src/main/res/values-zh-rCN/strings.xml:352:    <string name="recommendation_fallback_unknown_track_title">Unknown Track</string>
app/src/main/res/values-pt/strings.xml:348:    <string name="connection_validation_server_error_with_code">Server error (%1$d)</string>
app/src/main/res/values-pt/strings.xml:349:    <string name="recommendation_section_default_title">Recommendations</string>
app/src/main/res/values-pt/strings.xml:350:    <string name="recommendation_fallback_title">Recommendation</string>
app/src/main/res/values-pt/strings.xml:351:    <string name="recommendation_fallback_unknown_album_title">Unknown Album</string>
app/src/main/res/values-pt/strings.xml:352:    <string name="recommendation_fallback_untitled_playlist_title">Untitled Playlist</string>
app/src/main/res/values-pt/strings.xml:353:    <string name="recommendation_fallback_unknown_artist_title">Unknown Artist</string>
app/src/main/res/values-pt/strings.xml:354:    <string name="recommendation_fallback_unknown_track_title">Unknown Track</string>
app/src/main/res/values-nb/strings.xml:347:    <string name="connection_validation_server_error_with_code">Server error (%1$d)</string>
app/src/main/res/values-nb/strings.xml:348:    <string name="recommendation_section_default_title">Recommendations</string>
app/src/main/res/values-nb/strings.xml:349:    <string name="recommendation_fallback_title">Recommendation</string>
app/src/main/res/values-nb/strings.xml:350:    <string name="recommendation_fallback_unknown_album_title">Unknown Album</string>
app/src/main/res/values-nb/strings.xml:351:    <string name="recommendation_fallback_untitled_playlist_title">Untitled Playlist</string>
app/src/main/res/values-nb/strings.xml:352:    <string name="recommendation_fallback_unknown_artist_title">Unknown Artist</string>
app/src/main/res/values-nb/strings.xml:353:    <string name="recommendation_fallback_unknown_track_title">Unknown Track</string>
app/src/main/res/values-fr/strings.xml:348:    <string name="connection_validation_server_error_with_code">Server error (%1$d)</string>
app/src/main/res/values-fr/strings.xml:349:    <string name="recommendation_section_default_title">Recommendations</string>
app/src/main/res/values-fr/strings.xml:350:    <string name="recommendation_fallback_title">Recommendation</string>
app/src/main/res/values-fr/strings.xml:351:    <string name="recommendation_fallback_unknown_album_title">Unknown Album</string>
app/src/main/res/values-fr/strings.xml:352:    <string name="recommendation_fallback_untitled_playlist_title">Untitled Playlist</string>
app/src/main/res/values-fr/strings.xml:353:    <string name="recommendation_fallback_unknown_artist_title">Unknown Artist</string>
app/src/main/res/values-fr/strings.xml:354:    <string name="recommendation_fallback_unknown_track_title">Unknown Track</string>
app/src/main/res/values-hi/strings.xml:347:    <string name="connection_validation_server_error_with_code">Server error (%1$d)</string>
app/src/main/res/values-hi/strings.xml:348:    <string name="recommendation_section_default_title">Recommendations</string>
app/src/main/res/values-hi/strings.xml:349:    <string name="recommendation_fallback_title">Recommendation</string>
app/src/main/res/values-hi/strings.xml:350:    <string name="recommendation_fallback_unknown_album_title">Unknown Album</string>
app/src/main/res/values-hi/strings.xml:351:    <string name="recommendation_fallback_untitled_playlist_title">Untitled Playlist</string>
app/src/main/res/values-hi/strings.xml:352:    <string name="recommendation_fallback_unknown_artist_title">Unknown Artist</string>
app/src/main/res/values-hi/strings.xml:353:    <string name="recommendation_fallback_unknown_track_title">Unknown Track</string>
app/src/main/res/values-fi/strings.xml:347:    <string name="connection_validation_server_error_with_code">Server error (%1$d)</string>
app/src/main/res/values-fi/strings.xml:348:    <string name="recommendation_section_default_title">Recommendations</string>
app/src/main/res/values-fi/strings.xml:349:    <string name="recommendation_fallback_title">Recommendation</string>
app/src/main/res/values-fi/strings.xml:350:    <string name="recommendation_fallback_unknown_album_title">Unknown Album</string>
app/src/main/res/values-fi/strings.xml:351:    <string name="recommendation_fallback_untitled_playlist_title">Untitled Playlist</string>
app/src/main/res/values-fi/strings.xml:352:    <string name="recommendation_fallback_unknown_artist_title">Unknown Artist</string>
app/src/main/res/values-fi/strings.xml:353:    <string name="recommendation_fallback_unknown_track_title">Unknown Track</string>
app/src/main/res/values-sv/strings.xml:347:    <string name="connection_validation_server_error_with_code">Server error (%1$d)</string>
app/src/main/res/values-sv/strings.xml:348:    <string name="recommendation_section_default_title">Recommendations</string>
app/src/main/res/values-sv/strings.xml:349:    <string name="recommendation_fallback_title">Recommendation</string>
app/src/main/res/values-sv/strings.xml:350:    <string name="recommendation_fallback_unknown_album_title">Unknown Album</string>
app/src/main/res/values-sv/strings.xml:351:    <string name="recommendation_fallback_untitled_playlist_title">Untitled Playlist</string>
app/src/main/res/values-sv/strings.xml:352:    <string name="recommendation_fallback_unknown_artist_title">Unknown Artist</string>
app/src/main/res/values-sv/strings.xml:353:    <string name="recommendation_fallback_unknown_track_title">Unknown Track</string>
app/src/main/res/values-fa/strings.xml:347:    <string name="connection_validation_server_error_with_code">Server error (%1$d)</string>
app/src/main/res/values-fa/strings.xml:348:    <string name="recommendation_section_default_title">Recommendations</string>
app/src/main/res/values-fa/strings.xml:349:    <string name="recommendation_fallback_title">Recommendation</string>
app/src/main/res/values-fa/strings.xml:350:    <string name="recommendation_fallback_unknown_album_title">Unknown Album</string>
app/src/main/res/values-fa/strings.xml:351:    <string name="recommendation_fallback_untitled_playlist_title">Untitled Playlist</string>
app/src/main/res/values-fa/strings.xml:352:    <string name="recommendation_fallback_unknown_artist_title">Unknown Artist</string>
app/src/main/res/values-fa/strings.xml:353:    <string name="recommendation_fallback_unknown_track_title">Unknown Track</string>
app/src/main/res/values-it/strings.xml:348:    <string name="connection_validation_server_error_with_code">Server error (%1$d)</string>
app/src/main/res/values-it/strings.xml:349:    <string name="recommendation_section_default_title">Recommendations</string>
app/src/main/res/values-it/strings.xml:350:    <string name="recommendation_fallback_title">Recommendation</string>
app/src/main/res/values-it/strings.xml:351:    <string name="recommendation_fallback_unknown_album_title">Unknown Album</string>
app/src/main/res/values-it/strings.xml:352:    <string name="recommendation_fallback_untitled_playlist_title">Untitled Playlist</string>
app/src/main/res/values-it/strings.xml:353:    <string name="recommendation_fallback_unknown_artist_title">Unknown Artist</string>
app/src/main/res/values-it/strings.xml:354:    <string name="recommendation_fallback_unknown_track_title">Unknown Track</string>
app/src/main/res/values-de/strings.xml:347:    <string name="connection_validation_server_error_with_code">Server error (%1$d)</string>
app/src/main/res/values-de/strings.xml:348:    <string name="recommendation_section_default_title">Recommendations</string>
app/src/main/res/values-de/strings.xml:349:    <string name="recommendation_fallback_title">Recommendation</string>
app/src/main/res/values-de/strings.xml:350:    <string name="recommendation_fallback_unknown_album_title">Unknown Album</string>
app/src/main/res/values-de/strings.xml:351:    <string name="recommendation_fallback_untitled_playlist_title">Untitled Playlist</string>
app/src/main/res/values-de/strings.xml:352:    <string name="recommendation_fallback_unknown_artist_title">Unknown Artist</string>
app/src/main/res/values-de/strings.xml:353:    <string name="recommendation_fallback_unknown_track_title">Unknown Track</string>
app/src/main/res/values-es/strings.xml:348:    <string name="connection_validation_server_error_with_code">Server error (%1$d)</string>
app/src/main/res/values-es/strings.xml:349:    <string name="recommendation_section_default_title">Recommendations</string>
app/src/main/res/values-es/strings.xml:350:    <string name="recommendation_fallback_title">Recommendation</string>
app/src/main/res/values-es/strings.xml:351:    <string name="recommendation_fallback_unknown_album_title">Unknown Album</string>
app/src/main/res/values-es/strings.xml:352:    <string name="recommendation_fallback_untitled_playlist_title">Untitled Playlist</string>
app/src/main/res/values-es/strings.xml:353:    <string name="recommendation_fallback_unknown_artist_title">Unknown Artist</string>
app/src/main/res/values-es/strings.xml:354:    <string name="recommendation_fallback_unknown_track_title">Unknown Track</string>
