app/src/main/res/values-bn/strings.xml:339:    <string name="data_validation_recently_played_albums_load_failed">Failed to load recently played albums.</string>
app/src/main/res/values-bn/strings.xml:340:    <string name="data_validation_recently_played_playlists_load_failed">Failed to load recently played playlists.</string>
app/src/main/res/values-bn/strings.xml:341:    <string name="data_validation_unexpected_album_response">Unexpected album response</string>
app/src/main/res/values-bn/strings.xml:342:    <string name="data_validation_unexpected_artist_response">Unexpected artist response</string>
app/src/main/res/values-bn/strings.xml:343:    <string name="data_validation_unexpected_playlist_response">Unexpected playlist response</string>
app/src/main/res/values-bn/strings.xml:344:    <string name="playlist_validation_not_found">Playlist not found</string>
app/src/main/res/values-sv/strings.xml:339:    <string name="data_validation_recently_played_albums_load_failed">Failed to load recently played albums.</string>
app/src/main/res/values-sv/strings.xml:340:    <string name="data_validation_recently_played_playlists_load_failed">Failed to load recently played playlists.</string>
app/src/main/res/values-sv/strings.xml:341:    <string name="data_validation_unexpected_album_response">Unexpected album response</string>
app/src/main/res/values-sv/strings.xml:342:    <string name="data_validation_unexpected_artist_response">Unexpected artist response</string>
app/src/main/res/values-sv/strings.xml:343:    <string name="data_validation_unexpected_playlist_response">Unexpected playlist response</string>
app/src/main/res/values-sv/strings.xml:344:    <string name="playlist_validation_not_found">Playlist not found</string>
app/src/main/res/values-it/strings.xml:340:    <string name="data_validation_recently_played_albums_load_failed">Failed to load recently played albums.</string>
app/src/main/res/values-it/strings.xml:341:    <string name="data_validation_recently_played_playlists_load_failed">Failed to load recently played playlists.</string>
app/src/main/res/values-it/strings.xml:342:    <string name="data_validation_unexpected_album_response">Unexpected album response</string>
app/src/main/res/values-it/strings.xml:343:    <string name="data_validation_unexpected_artist_response">Unexpected artist response</string>
app/src/main/res/values-it/strings.xml:344:    <string name="data_validation_unexpected_playlist_response">Unexpected playlist response</string>
app/src/main/res/values-it/strings.xml:345:    <string name="playlist_validation_not_found">Playlist not found</string>
app/src/main/res/values-zh-rCN/strings.xml:338:    <string name="data_validation_recently_played_albums_load_failed">Failed to load recently played albums.</string>
app/src/main/res/values-zh-rCN/strings.xml:339:    <string name="data_validation_recently_played_playlists_load_failed">Failed to load recently played playlists.</string>
app/src/main/res/values-zh-rCN/strings.xml:340:    <string name="data_validation_unexpected_album_response">Unexpected album response</string>
app/src/main/res/values-zh-rCN/strings.xml:341:    <string name="data_validation_unexpected_artist_response">Unexpected artist response</string>
app/src/main/res/values-zh-rCN/strings.xml:342:    <string name="data_validation_unexpected_playlist_response">Unexpected playlist response</string>
app/src/main/res/values-zh-rCN/strings.xml:343:    <string name="playlist_validation_not_found">Playlist not found</string>
app/src/main/res/values-nb/strings.xml:339:    <string name="data_validation_recently_played_albums_load_failed">Failed to load recently played albums.</string>
app/src/main/res/values-nb/strings.xml:340:    <string name="data_validation_recently_played_playlists_load_failed">Failed to load recently played playlists.</string>
app/src/main/res/values-nb/strings.xml:341:    <string name="data_validation_unexpected_album_response">Unexpected album response</string>
app/src/main/res/values-nb/strings.xml:342:    <string name="data_validation_unexpected_artist_response">Unexpected artist response</string>
app/src/main/res/values-nb/strings.xml:343:    <string name="data_validation_unexpected_playlist_response">Unexpected playlist response</string>
app/src/main/res/values-nb/strings.xml:344:    <string name="playlist_validation_not_found">Playlist not found</string>
app/src/main/res/values-de/strings.xml:339:    <string name="data_validation_recently_played_albums_load_failed">Failed to load recently played albums.</string>
app/src/main/res/values-de/strings.xml:340:    <string name="data_validation_recently_played_playlists_load_failed">Failed to load recently played playlists.</string>
app/src/main/res/values-de/strings.xml:341:    <string name="data_validation_unexpected_album_response">Unexpected album response</string>
app/src/main/res/values-de/strings.xml:342:    <string name="data_validation_unexpected_artist_response">Unexpected artist response</string>
app/src/main/res/values-de/strings.xml:343:    <string name="data_validation_unexpected_playlist_response">Unexpected playlist response</string>
app/src/main/res/values-de/strings.xml:344:    <string name="playlist_validation_not_found">Playlist not found</string>
app/src/main/res/values-pt/strings.xml:340:    <string name="data_validation_recently_played_albums_load_failed">Failed to load recently played albums.</string>
app/src/main/res/values-pt/strings.xml:341:    <string name="data_validation_recently_played_playlists_load_failed">Failed to load recently played playlists.</string>
app/src/main/res/values-pt/strings.xml:342:    <string name="data_validation_unexpected_album_response">Unexpected album response</string>
app/src/main/res/values-pt/strings.xml:343:    <string name="data_validation_unexpected_artist_response">Unexpected artist response</string>
app/src/main/res/values-pt/strings.xml:344:    <string name="data_validation_unexpected_playlist_response">Unexpected playlist response</string>
app/src/main/res/values-pt/strings.xml:345:    <string name="playlist_validation_not_found">Playlist not found</string>
app/src/main/res/values-fa/strings.xml:339:    <string name="data_validation_recently_played_albums_load_failed">Failed to load recently played albums.</string>
app/src/main/res/values-fa/strings.xml:340:    <string name="data_validation_recently_played_playlists_load_failed">Failed to load recently played playlists.</string>
app/src/main/res/values-fa/strings.xml:341:    <string name="data_validation_unexpected_album_response">Unexpected album response</string>
app/src/main/res/values-fa/strings.xml:342:    <string name="data_validation_unexpected_artist_response">Unexpected artist response</string>
app/src/main/res/values-fa/strings.xml:343:    <string name="data_validation_unexpected_playlist_response">Unexpected playlist response</string>
app/src/main/res/values-fa/strings.xml:344:    <string name="playlist_validation_not_found">Playlist not found</string>
app/src/main/res/values-fi/strings.xml:339:    <string name="data_validation_recently_played_albums_load_failed">Failed to load recently played albums.</string>
app/src/main/res/values-fi/strings.xml:340:    <string name="data_validation_recently_played_playlists_load_failed">Failed to load recently played playlists.</string>
app/src/main/res/values-fi/strings.xml:341:    <string name="data_validation_unexpected_album_response">Unexpected album response</string>
app/src/main/res/values-fi/strings.xml:342:    <string name="data_validation_unexpected_artist_response">Unexpected artist response</string>
app/src/main/res/values-fi/strings.xml:343:    <string name="data_validation_unexpected_playlist_response">Unexpected playlist response</string>
app/src/main/res/values-fi/strings.xml:344:    <string name="playlist_validation_not_found">Playlist not found</string>
app/src/main/res/values-hi/strings.xml:339:    <string name="data_validation_recently_played_albums_load_failed">Failed to load recently played albums.</string>
app/src/main/res/values-hi/strings.xml:340:    <string name="data_validation_recently_played_playlists_load_failed">Failed to load recently played playlists.</string>
app/src/main/res/values-hi/strings.xml:341:    <string name="data_validation_unexpected_album_response">Unexpected album response</string>
app/src/main/res/values-hi/strings.xml:342:    <string name="data_validation_unexpected_artist_response">Unexpected artist response</string>
app/src/main/res/values-hi/strings.xml:343:    <string name="data_validation_unexpected_playlist_response">Unexpected playlist response</string>
app/src/main/res/values-hi/strings.xml:344:    <string name="playlist_validation_not_found">Playlist not found</string>
app/src/main/res/values-fr/strings.xml:340:    <string name="data_validation_recently_played_albums_load_failed">Failed to load recently played albums.</string>
app/src/main/res/values-fr/strings.xml:341:    <string name="data_validation_recently_played_playlists_load_failed">Failed to load recently played playlists.</string>
app/src/main/res/values-fr/strings.xml:342:    <string name="data_validation_unexpected_album_response">Unexpected album response</string>
app/src/main/res/values-fr/strings.xml:343:    <string name="data_validation_unexpected_artist_response">Unexpected artist response</string>
app/src/main/res/values-fr/strings.xml:344:    <string name="data_validation_unexpected_playlist_response">Unexpected playlist response</string>
app/src/main/res/values-fr/strings.xml:345:    <string name="playlist_validation_not_found">Playlist not found</string>
app/src/main/res/values-es/strings.xml:340:    <string name="data_validation_recently_played_albums_load_failed">Failed to load recently played albums.</string>
app/src/main/res/values-es/strings.xml:341:    <string name="data_validation_recently_played_playlists_load_failed">Failed to load recently played playlists.</string>
app/src/main/res/values-es/strings.xml:342:    <string name="data_validation_unexpected_album_response">Unexpected album response</string>
app/src/main/res/values-es/strings.xml:343:    <string name="data_validation_unexpected_artist_response">Unexpected artist response</string>
app/src/main/res/values-es/strings.xml:344:    <string name="data_validation_unexpected_playlist_response">Unexpected playlist response</string>
app/src/main/res/values-es/strings.xml:345:    <string name="playlist_validation_not_found">Playlist not found</string>
app/src/main/res/values/strings.xml:344:    <string name="data_validation_recently_played_albums_load_failed">Failed to load recently played albums.</string>
app/src/main/res/values/strings.xml:345:    <string name="data_validation_recently_played_playlists_load_failed">Failed to load recently played playlists.</string>
app/src/main/res/values/strings.xml:346:    <string name="data_validation_unexpected_album_response">Unexpected album response</string>
app/src/main/res/values/strings.xml:347:    <string name="data_validation_unexpected_artist_response">Unexpected artist response</string>
app/src/main/res/values/strings.xml:348:    <string name="data_validation_unexpected_playlist_response">Unexpected playlist response</string>
app/src/main/res/values/strings.xml:349:    <string name="playlist_validation_not_found">Playlist not found</string>
