app/src/main/res/values-bn/strings.xml:331:    <string name="local_media_scan_validation_folder_uri_blank">Local media folder URI is blank</string>
app/src/main/res/values-bn/strings.xml:332:    <string name="local_media_scan_validation_folder_uri_invalid">Invalid local media folder URI</string>
app/src/main/res/values-bn/strings.xml:333:    <string name="local_media_scan_validation_folder_access_failed">Unable to access local media folder</string>
app/src/main/res/values-bn/strings.xml:334:    <string name="local_media_scan_validation_folder_not_accessible">Local media folder is not accessible</string>
app/src/main/res/values-bn/strings.xml:335:    <string name="local_media_scan_validation_permission_denied">Permission denied for local media folder</string>
app/src/main/res/values-bn/strings.xml:336:    <string name="local_media_scan_validation_unknown_error">Unknown scan error</string>
app/src/main/res/values-bn/strings.xml:337:    <string name="local_media_scan_fallback_unknown_value">Unknown</string>
app/src/main/res/values/strings.xml:336:    <string name="local_media_scan_validation_folder_uri_blank">Local media folder URI is blank</string>
app/src/main/res/values/strings.xml:337:    <string name="local_media_scan_validation_folder_uri_invalid">Invalid local media folder URI</string>
app/src/main/res/values/strings.xml:338:    <string name="local_media_scan_validation_folder_access_failed">Unable to access local media folder</string>
app/src/main/res/values/strings.xml:339:    <string name="local_media_scan_validation_folder_not_accessible">Local media folder is not accessible</string>
app/src/main/res/values/strings.xml:340:    <string name="local_media_scan_validation_permission_denied">Permission denied for local media folder</string>
app/src/main/res/values/strings.xml:341:    <string name="local_media_scan_validation_unknown_error">Unknown scan error</string>
app/src/main/res/values/strings.xml:342:    <string name="local_media_scan_fallback_unknown_value">Unknown</string>
app/src/main/res/values-zh-rCN/strings.xml:330:    <string name="local_media_scan_validation_folder_uri_blank">Local media folder URI is blank</string>
app/src/main/res/values-zh-rCN/strings.xml:331:    <string name="local_media_scan_validation_folder_uri_invalid">Invalid local media folder URI</string>
app/src/main/res/values-zh-rCN/strings.xml:332:    <string name="local_media_scan_validation_folder_access_failed">Unable to access local media folder</string>
app/src/main/res/values-zh-rCN/strings.xml:333:    <string name="local_media_scan_validation_folder_not_accessible">Local media folder is not accessible</string>
app/src/main/res/values-zh-rCN/strings.xml:334:    <string name="local_media_scan_validation_permission_denied">Permission denied for local media folder</string>
app/src/main/res/values-zh-rCN/strings.xml:335:    <string name="local_media_scan_validation_unknown_error">Unknown scan error</string>
app/src/main/res/values-zh-rCN/strings.xml:336:    <string name="local_media_scan_fallback_unknown_value">Unknown</string>
app/src/main/res/values-nb/strings.xml:331:    <string name="local_media_scan_validation_folder_uri_blank">Local media folder URI is blank</string>
app/src/main/res/values-nb/strings.xml:332:    <string name="local_media_scan_validation_folder_uri_invalid">Invalid local media folder URI</string>
app/src/main/res/values-nb/strings.xml:333:    <string name="local_media_scan_validation_folder_access_failed">Unable to access local media folder</string>
app/src/main/res/values-nb/strings.xml:334:    <string name="local_media_scan_validation_folder_not_accessible">Local media folder is not accessible</string>
app/src/main/res/values-nb/strings.xml:335:    <string name="local_media_scan_validation_permission_denied">Permission denied for local media folder</string>
app/src/main/res/values-nb/strings.xml:336:    <string name="local_media_scan_validation_unknown_error">Unknown scan error</string>
app/src/main/res/values-nb/strings.xml:337:    <string name="local_media_scan_fallback_unknown_value">Unknown</string>
app/src/main/res/values-pt/strings.xml:332:    <string name="local_media_scan_validation_folder_uri_blank">Local media folder URI is blank</string>
app/src/main/res/values-pt/strings.xml:333:    <string name="local_media_scan_validation_folder_uri_invalid">Invalid local media folder URI</string>
app/src/main/res/values-pt/strings.xml:334:    <string name="local_media_scan_validation_folder_access_failed">Unable to access local media folder</string>
app/src/main/res/values-pt/strings.xml:335:    <string name="local_media_scan_validation_folder_not_accessible">Local media folder is not accessible</string>
app/src/main/res/values-pt/strings.xml:336:    <string name="local_media_scan_validation_permission_denied">Permission denied for local media folder</string>
app/src/main/res/values-pt/strings.xml:337:    <string name="local_media_scan_validation_unknown_error">Unknown scan error</string>
app/src/main/res/values-pt/strings.xml:338:    <string name="local_media_scan_fallback_unknown_value">Unknown</string>
app/src/main/res/values-fr/strings.xml:332:    <string name="local_media_scan_validation_folder_uri_blank">Local media folder URI is blank</string>
app/src/main/res/values-fr/strings.xml:333:    <string name="local_media_scan_validation_folder_uri_invalid">Invalid local media folder URI</string>
app/src/main/res/values-fr/strings.xml:334:    <string name="local_media_scan_validation_folder_access_failed">Unable to access local media folder</string>
app/src/main/res/values-fr/strings.xml:335:    <string name="local_media_scan_validation_folder_not_accessible">Local media folder is not accessible</string>
app/src/main/res/values-fr/strings.xml:336:    <string name="local_media_scan_validation_permission_denied">Permission denied for local media folder</string>
app/src/main/res/values-fr/strings.xml:337:    <string name="local_media_scan_validation_unknown_error">Unknown scan error</string>
app/src/main/res/values-fr/strings.xml:338:    <string name="local_media_scan_fallback_unknown_value">Unknown</string>
app/src/main/res/values-hi/strings.xml:331:    <string name="local_media_scan_validation_folder_uri_blank">Local media folder URI is blank</string>
app/src/main/res/values-hi/strings.xml:332:    <string name="local_media_scan_validation_folder_uri_invalid">Invalid local media folder URI</string>
app/src/main/res/values-hi/strings.xml:333:    <string name="local_media_scan_validation_folder_access_failed">Unable to access local media folder</string>
app/src/main/res/values-hi/strings.xml:334:    <string name="local_media_scan_validation_folder_not_accessible">Local media folder is not accessible</string>
app/src/main/res/values-hi/strings.xml:335:    <string name="local_media_scan_validation_permission_denied">Permission denied for local media folder</string>
app/src/main/res/values-hi/strings.xml:336:    <string name="local_media_scan_validation_unknown_error">Unknown scan error</string>
app/src/main/res/values-hi/strings.xml:337:    <string name="local_media_scan_fallback_unknown_value">Unknown</string>
app/src/main/res/values-fi/strings.xml:331:    <string name="local_media_scan_validation_folder_uri_blank">Local media folder URI is blank</string>
app/src/main/res/values-fi/strings.xml:332:    <string name="local_media_scan_validation_folder_uri_invalid">Invalid local media folder URI</string>
app/src/main/res/values-fi/strings.xml:333:    <string name="local_media_scan_validation_folder_access_failed">Unable to access local media folder</string>
app/src/main/res/values-fi/strings.xml:334:    <string name="local_media_scan_validation_folder_not_accessible">Local media folder is not accessible</string>
app/src/main/res/values-fi/strings.xml:335:    <string name="local_media_scan_validation_permission_denied">Permission denied for local media folder</string>
app/src/main/res/values-fi/strings.xml:336:    <string name="local_media_scan_validation_unknown_error">Unknown scan error</string>
app/src/main/res/values-fi/strings.xml:337:    <string name="local_media_scan_fallback_unknown_value">Unknown</string>
app/src/main/res/values-fa/strings.xml:331:    <string name="local_media_scan_validation_folder_uri_blank">Local media folder URI is blank</string>
app/src/main/res/values-fa/strings.xml:332:    <string name="local_media_scan_validation_folder_uri_invalid">Invalid local media folder URI</string>
app/src/main/res/values-fa/strings.xml:333:    <string name="local_media_scan_validation_folder_access_failed">Unable to access local media folder</string>
app/src/main/res/values-fa/strings.xml:334:    <string name="local_media_scan_validation_folder_not_accessible">Local media folder is not accessible</string>
app/src/main/res/values-fa/strings.xml:335:    <string name="local_media_scan_validation_permission_denied">Permission denied for local media folder</string>
app/src/main/res/values-fa/strings.xml:336:    <string name="local_media_scan_validation_unknown_error">Unknown scan error</string>
app/src/main/res/values-fa/strings.xml:337:    <string name="local_media_scan_fallback_unknown_value">Unknown</string>
app/src/main/res/values-sv/strings.xml:331:    <string name="local_media_scan_validation_folder_uri_blank">Local media folder URI is blank</string>
app/src/main/res/values-sv/strings.xml:332:    <string name="local_media_scan_validation_folder_uri_invalid">Invalid local media folder URI</string>
app/src/main/res/values-sv/strings.xml:333:    <string name="local_media_scan_validation_folder_access_failed">Unable to access local media folder</string>
app/src/main/res/values-sv/strings.xml:334:    <string name="local_media_scan_validation_folder_not_accessible">Local media folder is not accessible</string>
app/src/main/res/values-sv/strings.xml:335:    <string name="local_media_scan_validation_permission_denied">Permission denied for local media folder</string>
app/src/main/res/values-sv/strings.xml:336:    <string name="local_media_scan_validation_unknown_error">Unknown scan error</string>
app/src/main/res/values-sv/strings.xml:337:    <string name="local_media_scan_fallback_unknown_value">Unknown</string>
app/src/main/res/values-it/strings.xml:332:    <string name="local_media_scan_validation_folder_uri_blank">Local media folder URI is blank</string>
app/src/main/res/values-it/strings.xml:333:    <string name="local_media_scan_validation_folder_uri_invalid">Invalid local media folder URI</string>
app/src/main/res/values-it/strings.xml:334:    <string name="local_media_scan_validation_folder_access_failed">Unable to access local media folder</string>
app/src/main/res/values-it/strings.xml:335:    <string name="local_media_scan_validation_folder_not_accessible">Local media folder is not accessible</string>
app/src/main/res/values-it/strings.xml:336:    <string name="local_media_scan_validation_permission_denied">Permission denied for local media folder</string>
app/src/main/res/values-it/strings.xml:337:    <string name="local_media_scan_validation_unknown_error">Unknown scan error</string>
app/src/main/res/values-it/strings.xml:338:    <string name="local_media_scan_fallback_unknown_value">Unknown</string>
app/src/main/res/values-es/strings.xml:332:    <string name="local_media_scan_validation_folder_uri_blank">Local media folder URI is blank</string>
app/src/main/res/values-es/strings.xml:333:    <string name="local_media_scan_validation_folder_uri_invalid">Invalid local media folder URI</string>
app/src/main/res/values-es/strings.xml:334:    <string name="local_media_scan_validation_folder_access_failed">Unable to access local media folder</string>
app/src/main/res/values-es/strings.xml:335:    <string name="local_media_scan_validation_folder_not_accessible">Local media folder is not accessible</string>
app/src/main/res/values-es/strings.xml:336:    <string name="local_media_scan_validation_permission_denied">Permission denied for local media folder</string>
app/src/main/res/values-es/strings.xml:337:    <string name="local_media_scan_validation_unknown_error">Unknown scan error</string>
app/src/main/res/values-es/strings.xml:338:    <string name="local_media_scan_fallback_unknown_value">Unknown</string>
app/src/main/res/values-de/strings.xml:331:    <string name="local_media_scan_validation_folder_uri_blank">Local media folder URI is blank</string>
app/src/main/res/values-de/strings.xml:332:    <string name="local_media_scan_validation_folder_uri_invalid">Invalid local media folder URI</string>
app/src/main/res/values-de/strings.xml:333:    <string name="local_media_scan_validation_folder_access_failed">Unable to access local media folder</string>
app/src/main/res/values-de/strings.xml:334:    <string name="local_media_scan_validation_folder_not_accessible">Local media folder is not accessible</string>
app/src/main/res/values-de/strings.xml:335:    <string name="local_media_scan_validation_permission_denied">Permission denied for local media folder</string>
app/src/main/res/values-de/strings.xml:336:    <string name="local_media_scan_validation_unknown_error">Unknown scan error</string>
app/src/main/res/values-de/strings.xml:337:    <string name="local_media_scan_fallback_unknown_value">Unknown</string>
