app/src/main/res/values-bn/strings.xml:345:    <string name="data_validation_authentication_failed_update_token">Authentication failed. Please update your token.</string>
app/src/main/res/values-bn/strings.xml:346:    <string name="data_validation_unable_to_connect_to_server">Unable to connect to server.</string>
app/src/main/res/values/strings.xml:350:    <string name="data_validation_authentication_failed_update_token">Authentication failed. Please update your token.</string>
app/src/main/res/values/strings.xml:351:    <string name="data_validation_unable_to_connect_to_server">Unable to connect to server.</string>
app/src/main/res/values-zh-rCN/strings.xml:344:    <string name="data_validation_authentication_failed_update_token">Authentication failed. Please update your token.</string>
app/src/main/res/values-zh-rCN/strings.xml:345:    <string name="data_validation_unable_to_connect_to_server">Unable to connect to server.</string>
app/src/main/res/values-pt/strings.xml:346:    <string name="data_validation_authentication_failed_update_token">Authentication failed. Please update your token.</string>
app/src/main/res/values-pt/strings.xml:347:    <string name="data_validation_unable_to_connect_to_server">Unable to connect to server.</string>
app/src/main/res/values-nb/strings.xml:345:    <string name="data_validation_authentication_failed_update_token">Authentication failed. Please update your token.</string>
app/src/main/res/values-nb/strings.xml:346:    <string name="data_validation_unable_to_connect_to_server">Unable to connect to server.</string>
app/src/main/res/values-it/strings.xml:346:    <string name="data_validation_authentication_failed_update_token">Authentication failed. Please update your token.</string>
app/src/main/res/values-it/strings.xml:347:    <string name="data_validation_unable_to_connect_to_server">Unable to connect to server.</string>
app/src/main/res/values-fr/strings.xml:346:    <string name="data_validation_authentication_failed_update_token">Authentication failed. Please update your token.</string>
app/src/main/res/values-fr/strings.xml:347:    <string name="data_validation_unable_to_connect_to_server">Unable to connect to server.</string>
app/src/main/res/values-fi/strings.xml:345:    <string name="data_validation_authentication_failed_update_token">Authentication failed. Please update your token.</string>
app/src/main/res/values-fi/strings.xml:346:    <string name="data_validation_unable_to_connect_to_server">Unable to connect to server.</string>
app/src/main/res/values-es/strings.xml:346:    <string name="data_validation_authentication_failed_update_token">Authentication failed. Please update your token.</string>
app/src/main/res/values-es/strings.xml:347:    <string name="data_validation_unable_to_connect_to_server">Unable to connect to server.</string>
app/src/main/res/values-fa/strings.xml:345:    <string name="data_validation_authentication_failed_update_token">Authentication failed. Please update your token.</string>
app/src/main/res/values-fa/strings.xml:346:    <string name="data_validation_unable_to_connect_to_server">Unable to connect to server.</string>
app/src/main/res/values-de/strings.xml:345:    <string name="data_validation_authentication_failed_update_token">Authentication failed. Please update your token.</string>
app/src/main/res/values-de/strings.xml:346:    <string name="data_validation_unable_to_connect_to_server">Unable to connect to server.</string>
app/src/main/res/values-hi/strings.xml:345:    <string name="data_validation_authentication_failed_update_token">Authentication failed. Please update your token.</string>
app/src/main/res/values-hi/strings.xml:346:    <string name="data_validation_unable_to_connect_to_server">Unable to connect to server.</string>
app/src/main/res/values-sv/strings.xml:345:    <string name="data_validation_authentication_failed_update_token">Authentication failed. Please update your token.</string>
app/src/main/res/values-sv/strings.xml:346:    <string name="data_validation_unable_to_connect_to_server">Unable to connect to server.</string>
